Diagnose log at 2026-09-23T10:03:53Z

AppPath: C:\Program Files\Git\mingw64\bin\git-credential-manager.exe
InstallDir: C:\Program Files\Git\mingw64\bin\
Version: 2.5.1+90d5f897f164a8fe07d2aa3bf7db439b0b4e03ea

------------
Diagnostic: Environment
Skipped: False
Success: True
Exception: None
Log:
OSType: Windows
OSVersion: 10.0 (build 26200)
Reading environment variables... OK
 Variables:
HOMEPATH=\Users\Sreev
DriverData=C:\Windows\System32\Drivers\DriverData
COMPUTERNAME=SREEVIDYALAPTOP
GIT_TRACE2_PARENT_SID=d88f4346-4af4-4005-a510-7fce0100cf05
CommonProgramFiles(x86)=C:\Program Files (x86)\Common Files
OneDrive=C:\Users\Sreev\OneDrive
ChocolateyLastPathUpdate=133724971234138525
SESSIONNAME=Console
EFC_18920_344590478=1
EFC_18920_2775293581=1
TMP=C:\Users\Sreev\AppData\Local\Temp
EFC_18920_3789132940=1
PATHEXT=.COM;.EXE;.BAT;.CMD;.VBS;.VBE;.JS;.JSE;.WSF;.WSH;.MSC;.CPL
EFC_18920_1592913036=1
GIT_EXEC_PATH=C:/Program Files/Git/mingw64/libexec/git-core
TEMP=C:\Users\Sreev\AppData\Local\Temp
LOCALAPPDATA=C:\Users\Sreev\AppData\Local
MSYSTEM=MINGW64
TERM=xterm-256color
PROCESSOR_IDENTIFIER=Intel64 Family 6 Model 186 Stepping 3, GenuineIntel
PSModulePath=C:\Users\Sreev\OneDrive\Documents\WindowsPowerShell\Modules;C:\Program Files\WindowsPowerShell\Modules;C:\WINDOWS\system32\WindowsPowerShell\v1.0\Modules
ProgramData=C:\ProgramData
OpenCV_DIR=C:\opencv
USERDOMAIN=SREEVIDYALAPTOP
PROCESSOR_REVISION=ba03
Path=C:/Program Files/Git/mingw64/libexec/git-core;C:\Program Files\Git\mingw64\bin;C:\Program Files\Git\usr\bin;C:\Users\Sreev\bin;C:\Program Files\heroku\bin;C:\GnuWin32\bin;C:\Program Files\MongoDB\mongosh-2.0.2-win32-x64\bin;C:\Program Files\MongoDB\Server\7.0\bin;C:\Dev-Cpp\MinGW64\bin;C:\Program Files\nodejs\;C:\Program Files\Java\jdk-21\bin;C:\Program Files\Common Files\Oracle\Java\javapath;C:\MinGW\bin;C:\WINDOWS\system32;C:\WINDOWS;C:\WINDOWS\System32\Wbem;C:\WINDOWS\System32\WindowsPowerShell\v1.0\;C:\WINDOWS\System32\OpenSSH\;C:\Program Files\dotnet\;C:\Program Files (x86)\Windows Kits\10\Windows Performance Toolkit\;C:\ProgramData\chocolatey\bin;C:\Program Files\Git\cmd;C:\Program Files\OpenSSL-Win64\bin\;C:\opencv\x64\vc16\bin;C:\Program Files\CMake\bin;c:\opt\chocolatey\bin;c:\opt\chocolatey\lib\cunit\lib;c:\opt\chocolatey\lib\tinyxml2\lib;c:\opt\chocolatey\lib\log4cxx\lib;c:\opt\chocolatey\lib\bullet\lib;C:\Program Files\Graphviz\bin;C:\xmllint\bin;C:\Users\Sreev\AppData\Local\Programs\Python\Python311\Scripts\;C:\Users\Sreev\AppData\Local\Programs\Python\Python311\;C:\Users\Sreev\AppData\Local\Microsoft\WindowsApps;;C:\Users\Sreev\AppData\Local\Programs\Microsoft VS Code\bin;C:\Users\Sreev\AppData\Roaming\npm;C:\Program Files\heroku\bin
PROCESSOR_LEVEL=6
NUMBER_OF_PROCESSORS=12
TMPDIR=C:\Users\Sreev\AppData\Local\Temp
ProgramFiles(x86)=C:\Program Files (x86)
PUBLIC=C:\Users\Public
FPS_BROWSER_USER_PROFILE_STRING=Default
CommonProgramFiles=C:\Program Files (x86)\Common Files
UIPATH_USER_SERVICE_PATH=C:\Users\Sreev\AppData\Local\Programs\UiPath\Studio\UiPath.Service.UserHost.exe
IGCCSVC_DB=AQAAANCMnd8BFdERjHoAwE/Cl+sBAAAA1i4+XUD0mE+CMc6S8BGvmwQAAAACAAAAAAAQZgAAAAEAACAAAAD2Wy1vw3BMHIITiCH2CMAoWifJnSyTIGhxqjNcNEQkIQAAAAAOgAAAAAIAACAAAAAc+jVZq6IRqijPtPjQhHqbjNm/RATAO/DrMP/NRI9oamAAAACuE4nlRixWmcyIltAGq1qR0oMb3NX3VWBoHbo0MIW4DmXEbnWgeleENVFNf6fLiOc8YoGsCzPQM9ZnyPWYDuws7EOxUH2mfFoXnm3ZIiz3bMaSwNuC+rKP6hcIql/VJxNAAAAAnYBpIAWkf779lFQOs/VPHxSFvGLt9BSky5N53mb3lxL/DBjyFPI9/N8qrcTJ+9C5pTrmN+7Wl3Bg5ad62PwR2A==
ProgramFiles=C:\Program Files (x86)
PLINK_PROTOCOL=ssh
COLORTERM=truecolor
MSYS=disable_pcon
ChocolateyInstall=C:\ProgramData\chocolatey
EFC_18920_1262719628=1
USERPROFILE=C:\Users\Sreev
ProgramW6432=C:\Program Files
HOME=C:\Users\Sreev
LC_CTYPE=C.UTF-8
CommonProgramW6432=C:\Program Files\Common Files
ZES_ENABLE_SYSMAN=1
LOGONSERVER=\\SREEVIDYALAPTOP
EFC_18920_2946480783=1
EFC_18920_4126798990=1
SystemRoot=C:\WINDOWS
USERDOMAIN_ROAMINGPROFILE=SREEVIDYALAPTOP
APPDATA=C:\Users\Sreev\AppData\Roaming
HOMEDRIVE=C:
OPENSSL_CONF=C:\Program Files\OpenSSL-Win64\bin\openssl.cfg
VBOX_MSI_INSTALL_PATH=C:\Program Files\Oracle\VirtualBox\
USERNAME=Sreev
PROCESSOR_ARCHITEW6432=AMD64
FPS_BROWSER_APP_PROFILE_STRING=Internet Explorer
PROCESSOR_ARCHITECTURE=x86
EFC_18920_2283032206=1
OS=Windows_NT
ComSpec=C:\WINDOWS\system32\cmd.exe
SystemDrive=C:
windir=C:\WINDOWS
ALLUSERSPROFILE=C:\ProgramData


------------
Diagnostic: File system
Skipped: False
Success: True
Exception: None
Log:
Temporary directory is 'C:\Users\Sreev\AppData\Local\Temp\'...
Checking basic file I/O...
Writing to temporary file 'C:\Users\Sreev\AppData\Local\Temp\d7f147d6a5a493313d1c6a08'... OK
Reading from temporary file 'C:\Users\Sreev\AppData\Local\Temp\d7f147d6a5a493313d1c6a08'... OK
Deleting temporary file 'C:\Users\Sreev\AppData\Local\Temp\d7f147d6a5a493313d1c6a08'... OK
Testing IFileSystem instance...
UserHomePath: C:\Users\Sreev
UserDataDirectoryPath: C:\Users\Sreev\.gcm
GetCurrentDirectory(): C:\Uma\Maitri\maitri-lsp-fullstack\backend

------------
Diagnostic: Networking
Skipped: False
Success: True
Exception: None
Log:
Checking networking and HTTP stack...
Creating HTTP client... OK
IsNetworkAvailable: True
Sending HEAD request to http://example.com...Sending HEAD request to https://example.com... OK
 OK
Acquiring free TCP port... OK
Testing local HTTP loopback connections...
Creating new HTTP listener for http://localhost:62444/... OK
Waiting for loopback connection... OK
Writing response... OK
Waiting for response data... OK
Loopback connection data OK

------------
Diagnostic: Git
Skipped: False
Success: True
Exception: None
Log:
Getting Git version... OK
Git version is '2.46.2.windows.1'
Locating current repository...Git repository at 'C:/Uma/Maitri/maitri-lsp-fullstack/backend/.git'
 OK
Listing all Git configuration... OK
Git configuration:
file:C:/Program Files/Git/etc/gitconfig	diff.astextplain.textconv=astextplain
file:C:/Program Files/Git/etc/gitconfig	filter.lfs.clean=git-lfs clean -- %f
file:C:/Program Files/Git/etc/gitconfig	filter.lfs.smudge=git-lfs smudge -- %f
file:C:/Program Files/Git/etc/gitconfig	filter.lfs.process=git-lfs filter-process
file:C:/Program Files/Git/etc/gitconfig	filter.lfs.required=true
file:C:/Program Files/Git/etc/gitconfig	http.sslbackend=openssl
file:C:/Program Files/Git/etc/gitconfig	http.sslcainfo=C:/Program Files/Git/mingw64/etc/ssl/certs/ca-bundle.crt
file:C:/Program Files/Git/etc/gitconfig	core.autocrlf=true
file:C:/Program Files/Git/etc/gitconfig	core.fscache=true
file:C:/Program Files/Git/etc/gitconfig	core.symlinks=false
file:C:/Program Files/Git/etc/gitconfig	pull.rebase=false
file:C:/Program Files/Git/etc/gitconfig	credential.helper=manager
file:C:/Program Files/Git/etc/gitconfig	credential.https://dev.azure.com.usehttppath=true
file:C:/Program Files/Git/etc/gitconfig	init.defaultbranch=master
file:C:/Users/Sreev/.gitconfig	user.email=sreevidya111003@gmail.com
file:C:/Users/Sreev/.gitconfig	user.name=sreevidya_1110
file:C:/Users/Sreev/.gitconfig	filter.lfs.clean=git-lfs clean -- %f
file:C:/Users/Sreev/.gitconfig	filter.lfs.smudge=git-lfs smudge -- %f
file:C:/Users/Sreev/.gitconfig	filter.lfs.process=git-lfs filter-process
file:C:/Users/Sreev/.gitconfig	filter.lfs.required=true
file:.git/config	core.repositoryformatversion=0
file:.git/config	core.filemode=false
file:.git/config	core.bare=false
file:.git/config	core.logallrefupdates=true
file:.git/config	core.symlinks=false
file:.git/config	core.ignorecase=true
file:.git/config	remote.origin.url=https://github.com/maitriappai-lsp/backend.git
file:.git/config	remote.origin.fetch=+refs/heads/*:refs/remotes/origin/*


------------
Diagnostic: Credential storage
Skipped: False
Success: True
Exception: None
Log:
ICredentialStore instance is of type: CredentialStore
Writing test credential... OK
Reading test credential... OK
Deleting test credential... OK

------------
Diagnostic: Microsoft authentication (AAD/MSA)
Skipped: False
Success: True
Exception: None
Log:
Broker is not enabled.
Flow type is: Auto
Gathering MSAL token cache data... OK
CacheDirectory: C:\Users\Sreev\AppData\Local\.IdentityService
CacheFileName: msal.cache
CacheFilePath: C:\Users\Sreev\AppData\Local\.IdentityService\msal.cache
Creating cache helper... OK
Verifying MSAL token cache persistence... OK

------------
Diagnostic: GitHub API
Skipped: False
Success: True
Exception: None
Log:
Using 'https://github.com/' as API target.
Querying '/meta' endpoint... OK

